   Compiling ferrite v0.3.0 (/Users/josephwylie/Desktop/Projects/ferrite/.worktrees/ui-polish-qa-2026-09-15/crates/ferrite)
warning: method `ordered_solos` is never used
   --> crates/ferrite/src/nav.rs:193:12
    |
177 | impl NavState {
    | ------------- method in this implementation
...
193 |     pub fn ordered_solos(&self) -> Vec<&ThreadRow> {
    |            ^^^^^^^^^^^^^
    |
    = note: `#[warn(dead_code)]` (part of `#[warn(unused)]`) on by default

warning: function `model_label` is never used
    --> crates/ferrite/src/pane.rs:2441:8
     |
2441 | pub fn model_label(model: &str) -> SharedString {
     |        ^^^^^^^^^^^

warning: `ferrite` (bin "ferrite") generated 2 warnings
    Finished `dev` profile [unoptimized + debuginfo] target(s) in 9.81s
warning: the following packages contain code that will be rejected by a future version of Rust: block v0.1.6
note: to see what the problems were, use the option `--future-incompat-report`, or run `cargo report future-incompatibilities --id 1`
     Running `/Users/josephwylie/Desktop/Projects/ferrite/target/debug/ferrite --visual-reference /tmp/ferrite-polish-confirmed`
CAPTURE /tmp/ferrite-polish-confirmed/group-l1-1200x800.png
CAPTURE /tmp/ferrite-polish-confirmed/group-l2-860x500.png
CAPTURE /tmp/ferrite-polish-confirmed/question-group-1200x800.png
CAPTURE /tmp/ferrite-polish-confirmed/question-group-860x500.png
CAPTURE /tmp/ferrite-polish-confirmed/question-multiline-1200x800.png
CAPTURE /tmp/ferrite-polish-confirmed/question-multiline-860x500.png
CAPTURE /tmp/ferrite-polish-confirmed/question-expanded-draft-860x500.png
CAPTURE /tmp/ferrite-polish-confirmed/draft-1000x800.png
CAPTURE /tmp/ferrite-polish-confirmed/new-project-1000x800.png
CAPTURE /tmp/ferrite-polish-confirmed/new-project-enabled-1000x800.png
CAPTURE /tmp/ferrite-polish-confirmed/new-project-create-keyboard-1000x800.png
CAPTURE /tmp/ferrite-polish-confirmed/subagents-1000x800.png
CAPTURE /tmp/ferrite-polish-confirmed/selected-child-1000x800.png
CAPTURE /tmp/ferrite-polish-confirmed/selected-child-640x800.png
CAPTURE /tmp/ferrite-polish-confirmed/preview-1000x800.png
CAPTURE /tmp/ferrite-polish-confirmed/preview-group-1200x800.png
