   Compiling gpui-pre-collections v0.3.3
   Compiling rustix v1.1.4
   Compiling tempfile v3.27.0
   Compiling gpui-pre-http-client v0.3.3
   Compiling gpui-pre v0.3.3
   Compiling gpui-pre-zlog v0.3.3
   Compiling gpui-pre-perf v0.3.3
   Compiling cbindgen v0.28.0
   Compiling gpui-pre-ztracing v0.3.3
   Compiling gpui-pre-sum-tree v0.3.3
   Compiling gpui-pre-util-macros v0.3.3
   Compiling bit-vec v0.8.0
   Compiling gpui-pre-reqwest-client v0.3.3
   Compiling bit-set v0.8.0
   Compiling fancy-regex v0.16.2
   Compiling syntect v5.3.0
   Compiling gpui-pre-apple v0.3.3
   Compiling polling v3.11.0
   Compiling async-io v2.6.0
   Compiling async-signal v0.2.14
   Compiling async-net v2.0.0
   Compiling async-process v2.5.0
   Compiling smol v2.0.2
   Compiling gpui-kit-assets v0.6.0
   Compiling gpui-pre-macos v0.3.3
   Compiling gpui-pre-platform v0.3.3
   Compiling gpui-base v0.6.0 (/Users/josephwylie/Desktop/Projects/ferrite/.worktrees/ui-polish-2026-09-15/vendor/gpui-base)
   Compiling gpui-component v0.6.0
   Compiling gpui-kit v0.6.0
   Compiling ferrite v0.3.0 (/Users/josephwylie/Desktop/Projects/ferrite/.worktrees/ui-polish-2026-09-15/crates/ferrite)
warning: associated function `ephemeral` is never used
   --> crates/ferrite/src/cockpit.rs:291:8
    |
289 | impl Preferences {
    | ---------------- associated function in this implementation
290 |     /// Defaults saved nowhere — the test constructor's and the demo's.
291 |     fn ephemeral() -> Self {
    |        ^^^^^^^^^
    |
    = note: `#[warn(dead_code)]` (part of `#[warn(unused)]`) on by default

warning: associated function `new_with_provider` is never used
   --> crates/ferrite/src/cockpit.rs:682:12
    |
676 | impl CockpitView {
    | ---------------- associated function in this implementation
...
682 |     pub fn new_with_provider(
    |            ^^^^^^^^^^^^^^^^^

warning: method `ordered_solos` is never used
   --> crates/ferrite/src/nav.rs:193:12
    |
177 | impl NavState {
    | ------------- method in this implementation
...
193 |     pub fn ordered_solos(&self) -> Vec<&ThreadRow> {
    |            ^^^^^^^^^^^^^

warning: function `model_label` is never used
    --> crates/ferrite/src/pane.rs:2441:8
     |
2441 | pub fn model_label(model: &str) -> SharedString {
     |        ^^^^^^^^^^^

warning: `ferrite` (bin "ferrite") generated 4 warnings
    Finished `dev` profile [unoptimized + debuginfo] target(s) in 34.22s
warning: the following packages contain code that will be rejected by a future version of Rust: block v0.1.6
note: to see what the problems were, use the option `--future-incompat-report`, or run `cargo report future-incompatibilities --id 1`
