    Checking libc v0.2.189
    Checking cfg-if v1.0.4
    Checking serde_core v1.0.229
    Checking bitflags v2.13.1
    Checking typeid v1.0.3
    Checking pin-project-lite v0.2.17
    Checking memchr v2.8.3
    Checking smallvec v1.15.2
    Checking serde_fmt v1.1.0
    Checking erased-serde v0.4.10
    Checking value-bag-serde1 v1.13.2
    Checking value-bag v1.13.2
    Checking futures-core v0.3.34
    Checking core-foundation-sys v0.8.7
    Checking log v0.4.34
    Checking serde v1.0.229
    Checking libm v0.2.16
    Checking futures-io v0.3.34
   Compiling jobserver v0.1.35
    Checking stable_deref_trait v1.2.1
    Checking slab v0.4.12
   Compiling cc v1.4.4
    Checking crossbeam-utils v0.8.22
   Compiling aho-corasick v1.1.5
    Checking simd-adler32 v0.3.10
   Compiling regex-syntax v0.8.11
    Checking core-foundation v0.10.0
    Checking num-traits v0.2.19
    Checking hashbrown v0.17.1
    Checking equivalent v1.0.2
   Compiling regex-automata v0.4.18
    Checking once_cell v1.21.4
    Checking adler2 v2.0.1
    Checking futures-sink v0.3.34
   Compiling indexmap v2.14.0
    Checking miniz_oxide v0.8.9
    Checking zerofrom v0.1.8
    Checking itoa v1.0.18
    Checking objc2-encode v4.1.0
    Checking yoke v0.8.3
    Checking bytes v1.12.1
    Checking parking v2.2.1
    Checking scopeguard v1.2.0
    Checking lock_api v0.4.14
    Checking zerovec v0.11.8
    Checking crc32fast v1.5.1
    Checking futures-channel v0.3.34
    Checking fastrand v2.5.0
    Checking flate2 v1.1.9
    Checking futures-task v0.3.34
    Checking siphasher v1.0.3
    Checking arrayvec v0.7.8
    Checking futures-util v0.3.34
    Checking objc2 v0.6.4
    Checking tracing-core v0.1.36
    Checking bytemuck v1.25.2
    Checking parking_lot_core v0.9.12
    Checking tinystr v0.8.4
   Compiling zmij v1.0.23
    Checking writeable v0.6.4
    Checking litemap v0.8.3
    Checking parking_lot v0.12.5
    Checking icu_locale_core v2.3.0
    Checking futures-lite v2.6.1
    Checking potential_utf v0.1.6
    Checking zerotrie v0.2.5
    Checking http v1.5.0
   Compiling regex v1.13.1
    Checking concurrent-queue v2.5.0
   Compiling rustc-hash v2.1.3
    Checking utf8_iter v1.0.4
    Checking icu_collections v2.3.0
   Compiling serde_json v1.0.151
    Checking zerocopy v0.8.56
    Checking tracing v0.1.44
    Checking icu_provider v2.3.1
    Checking objc2-core-foundation v0.3.2
    Checking event-listener v5.4.2
    Checking anyhow v1.0.104
    Checking core-graphics-types v0.2.0
    Checking either v1.18.0
    Checking foreign-types-shared v0.3.1
    Checking foreign-types v0.5.0
   Compiling nom v7.1.3
    Checking event-listener-strategy v0.5.4
    Checking icu_properties_data v2.3.0
    Checking icu_normalizer_data v2.3.0
    Checking http-body v1.1.0
   Compiling cmake v0.1.58
   Compiling libloading v0.8.9
   Compiling aws-lc-sys v0.45.0
   Compiling clang-sys v1.9.1
    Checking icu_normalizer v2.3.0
    Checking icu_properties v2.3.0
   Compiling cexpr v0.6.0
    Checking block2 v0.6.2
    Checking crossbeam-epoch v0.9.20
    Checking euclid v0.22.14
   Compiling bstr v1.13.1
    Checking malloc_buf v0.0.6
    Checking percent-encoding v2.3.2
   Compiling same-file v1.0.6
    Checking block v0.1.6
    Checking atomic-waker v1.1.2
    Checking async-task v4.7.1
    Checking zeroize v1.9.0
   Compiling bindgen v0.72.1
   Compiling toml_edit v0.22.27
    Checking walkdir v2.5.0
    Checking form_urlencoded v1.2.2
    Checking objc v0.2.7
   Compiling globset v0.4.20
    Checking crossbeam-deque v0.8.7
    Checking idna_adapter v1.2.2
    Checking gpui-pre-util v0.3.3
    Checking futures-executor v0.3.34
    Checking fdeflate v0.3.7
    Checking core_maths v0.1.1
    Checking iana-time-zone v0.1.65
    Checking bitflags v1.3.2
   Compiling unicode-segmentation v1.13.3
    Checking libbz2-rs-sys v0.2.5
    Checking lazy_static v1.5.0
   Compiling unicase v2.9.0
    Checking base64 v0.22.1
    Checking float-cmp v0.9.0
    Checking strict-num v0.1.1
    Checking bzip2 v0.6.1
   Compiling convert_case v0.10.0
    Checking thiserror v1.0.69
    Checking chrono v0.4.45
    Checking ttf-parser v0.25.1
    Checking futures v0.3.34
    Checking idna v1.1.0
    Checking rayon-core v1.13.0
    Checking slotmap v1.1.1
    Checking getrandom v0.3.4
   Compiling toml v0.8.23
    Checking rustls-pki-types v1.15.1
    Checking lyon_geom v1.0.19
    Checking objc2-foundation v0.3.2
    Checking async-channel v2.5.0
   Compiling phf_shared v0.11.3
    Checking getrandom v0.4.3
    Checking polycool v0.4.0
   Compiling ring v0.17.14
    Checking mio v1.2.2
    Checking socket2 v0.6.5
    Checking compression-core v0.4.32
    Checking leak v0.1.2
    Checking quick-error v2.0.1
    Checking zune-core v0.5.3
    Checking byteorder v1.5.0
    Checking weezl v0.1.12
    Checking ryu v1.0.23
    Checking arrayref v0.3.9
    Checking tinyvec_macros v0.1.1
    Checking sha1_smol v1.0.1
    Checking uuid v1.25.0
    Checking tinyvec v1.12.0
    Checking tiny-skia-path v0.11.4
    Checking serde_urlencoded v0.7.1
    Checking zune-jpeg v0.5.15
    Checking leaky-cow v0.1.1
    Checking compression-codecs v0.4.38
   Compiling derive_more-impl v2.1.1
    Checking gpui-pre-collections v0.3.3
    Checking tokio v1.53.1
    Checking kurbo v0.13.1
   Compiling phf_generator v0.11.3
    Checking lyon_path v1.0.19
    Checking rand_core v0.9.5
    Checking url v2.5.8
    Checking sharded-slab v0.1.7
    Checking core-graphics v0.24.0
   Compiling toml_edit v0.25.13+spec-1.1.0
    Checking half v2.7.1
    Checking ppv-lite86 v0.2.21
    Checking num-complex v0.4.6
    Checking tracing-log v0.2.0
   Compiling errno v0.3.14
    Checking memmap2 v0.9.11
    Checking cgl v0.3.2
    Checking thread_local v1.1.10
    Checking gimli v0.32.3
    Checking unicode-script v0.5.8
    Checking unicode-bidi-mirroring v0.4.0
   Compiling rustix v1.1.4
    Checking pulp-wasm-simd-flag v0.1.1
    Checking color_quant v1.1.0
   Compiling typenum v1.20.1
    Checking option-ext v0.2.0
    Checking nu-ansi-term v0.50.3
    Checking reborrow v0.5.5
    Checking unicode-ccc v0.4.0
    Checking byteorder-lite v0.1.0
    Checking unicode-properties v0.1.4
    Checking rustybuzz v0.20.1
    Checking image-webp v0.2.4
    Checking pulp v0.22.3
    Checking tracing-subscriber v0.3.23
    Checking dirs-sys v0.4.1
   Compiling hybrid-array v0.4.14
    Checking gif v0.14.2
    Checking addr2line v0.25.1
    Checking pin-project v1.1.13
    Checking accesskit v0.24.1
    Checking ref-cast v1.0.27
    Checking io-surface v0.16.1
    Checking fontdb v0.23.0
    Checking rand_chacha v0.9.0
   Compiling proc-macro-crate v3.5.0
    Checking pathfinder_simd v0.5.6
    Checking svgtypes v0.16.1
    Checking gpui-pre-zlog v0.3.3
    Checking derive_more v2.1.1
    Checking async-compression v0.4.43
   Compiling embed-resource v3.0.11
    Checking object v0.37.3
    Checking hash32 v0.3.1
    Checking rayon v1.12.0
    Checking png v0.17.16
    Checking metal v0.33.0
    Checking core-graphics2 v0.5.2
    Checking spin v0.9.9
    Checking zune-inflate v0.2.54
    Checking simplecss v0.2.2
    Checking roxmltree v0.21.1
    Checking getrandom v0.2.17
    Checking unicode-bidi v0.3.18
    Checking imagesize v0.14.0
    Checking data-url v0.3.2
    Checking pxfm v0.1.30
    Checking untrusted v0.9.0
    Checking fax v0.2.7
    Checking bit_field v0.10.3
    Checking dyn-clone v1.0.20
    Checking lebe v0.5.3
    Checking rustc-demangle v0.1.28
    Checking unicode-vo v0.1.0
    Checking pico-args v0.5.0
    Checking xmlwriter v0.1.0
    Checking new_debug_unreachable v1.0.6
    Checking float_next_after v1.0.0
    Checking fnv v1.0.7
    Checking lyon_tessellation v1.0.20
    Checking usvg v0.46.0
    Checking backtrace v0.3.76
    Checking exr v1.74.2
    Checking schemars v1.2.2
    Checking gpui-pre-ztracing v0.3.3
    Checking tiff v0.11.3
    Checking moxcms v0.8.1
   Compiling tempfile v3.27.0
    Checking thiserror v2.0.20
    Checking flume v0.12.0
    Checking core-video v0.5.2
    Checking tiny-skia v0.11.4
    Checking heapless v0.9.3
   Compiling gpui-pre v0.3.3
    Checking gpui-pre-http-client v0.3.3
   Compiling gpui-pre-perf v0.3.3
    Checking pathfinder_geometry v0.5.1
    Checking rand v0.9.5
    Checking objc-sys v0.3.5
    Checking dirs v5.0.1
    Checking core-text v21.0.0
    Checking lyon_algorithms v1.0.20
   Compiling string_cache_codegen v0.5.4
   Compiling phf_codegen v0.11.3
    Checking png v0.18.1
    Checking qoi v0.4.1
    Checking rgb v0.8.53
    Checking crossbeam-queue v0.3.13
    Checking mac v0.1.1
    Checking link-section v0.19.3
    Checking static_assertions v1.1.0
    Checking atomic v0.5.3
    Checking pollster v0.2.5
    Checking svg_fmt v0.4.5
    Checking fixedbitset v0.5.7
    Checking float-ord v0.3.2
    Checking web-time v1.1.0
    Checking smol_str v0.3.6
    Checking gpui-pre-shared-string v0.3.3
    Checking gpui-pre-scheduler v0.3.3
    Checking ctor v1.0.13
    Checking zed-font-kit v0.14.1-zed
   Compiling cbindgen v0.28.0
    Checking futures-concurrency v7.7.1
    Checking etagere v0.2.15
    Checking postage v0.5.0
    Checking futf v0.1.5
    Checking gpui-pre-refineable v0.3.3
    Checking profiling v1.0.18
    Checking resvg v0.46.0
    Checking image v0.25.10
   Compiling markup5ever v0.12.1
    Checking lyon v1.0.19
    Checking strum v0.28.0
    Checking objc2 v0.5.2
    Checking polling v3.11.0
   Compiling ignore v0.4.33
   Compiling aws-lc-rs v1.18.1
   Compiling rustls v0.23.43
   Compiling gpui-pre-util-macros v0.3.3
    Checking rustls-webpki v0.103.15
    Checking gpui-pre-sum-tree v0.3.3
   Compiling gpui-pre-macros v0.3.3
   Compiling block-buffer v0.12.1
   Compiling crypto-common v0.2.2
    Checking taffy v0.13.0 (/Users/josephwylie/Desktop/Projects/ferrite/.worktrees/ui-rendering-architecture/vendor/taffy)
    Checking itertools v0.14.0
    Checking spin v0.10.1
    Checking security-framework-sys v2.17.0
    Checking num_cpus v1.17.0
    Checking pollster v0.4.0
    Checking inventory v0.3.24
    Checking subtle v2.6.1
   Compiling const-oid v0.10.2
    Checking precomputed-hash v0.1.1
    Checking waker-fn v1.2.0
    Checking seahash v4.1.0
    Checking foldhash v0.2.0
    Checking raw-window-handle v0.6.2
    Checking utf-8 v0.7.6
    Checking tendril v0.4.3
    Checking hashbrown v0.16.1
    Checking string_cache v0.8.9
   Compiling digest v0.11.3
   Compiling globwalk v0.8.1
    Checking security-framework v3.7.0
    Checking async-io v2.6.0
    Checking objc2-foundation v0.2.2
   Compiling gpui-pre-apple v0.3.3
    Checking phf v0.11.3
    Checking tokio-util v0.7.19
   Compiling mime_guess v2.0.5
   Compiling gpui-pre-media v0.3.3
    Checking cocoa-foundation v0.2.0
    Checking piper v0.2.5
   Compiling encoding_rs v0.8.35
   Compiling cpufeatures v0.3.0
    Checking try-lock v0.2.5
    Checking want v0.3.1
   Compiling encoding_rs_io v0.1.8
   Compiling sha2 v0.11.0
    Checking blocking v1.7.0
    Checking cocoa v0.26.0
    Checking h2 v0.4.19
   Compiling ahash v0.8.12
    Checking objc2-app-kit v0.2.2
    Checking httparse v1.10.1
    Checking accesskit_consumer v0.38.0
   Compiling arc-swap v1.9.2
    Checking signal-hook-registry v1.4.8
    Checking objc2-core-location v0.3.2
    Checking objc2-core-data v0.3.2
    Checking objc2-quartz-core v0.3.2
    Checking objc2-core-image v0.3.2
    Checking objc2-cloud-kit v0.3.2
    Checking async-lock v3.4.2
    Checking objc2-core-graphics v0.3.2
    Checking objc2-core-text v0.3.2
    Checking objc2-core-video v0.3.2
    Checking tower-service v0.3.3
    Checking bit-vec v0.8.0
   Compiling mime v0.3.17
    Checking bit-set v0.8.0
   Compiling serde-saphyr v0.0.29
   Compiling triomphe v0.1.16
    Checking objc2-app-kit v0.3.2
    Checking objc2-user-notifications v0.3.2
    Checking async-signal v0.2.14
   Compiling shellexpand v3.1.2
    Checking accesskit_macos v0.26.3
    Checking hyper v1.11.0
   Compiling rust-embed-utils v8.12.0
    Checking dispatch2 v0.3.1
    Checking semver v1.0.28
    Checking mach2 v0.5.0
    Checking instant v0.1.13
   Compiling base62 v2.2.4
   Compiling rust-i18n-support v4.2.1
   Compiling rust-embed-impl v8.12.0
    Checking hyper-util v0.1.20
    Checking async-process v2.5.0
    Checking html5ever v0.27.0
    Checking fancy-regex v0.16.2
    Checking system-configuration-sys v0.6.0
    Checking async-fs v2.2.0
    Checking xml5ever v0.18.1
    Checking async-net v2.0.0
    Checking rustls-native-certs v0.8.4
    Checking tokio-rustls v0.26.4
   Compiling rust-i18n v4.2.1
    Checking fluent-uri v0.1.4
    Checking async-executor v1.14.0
    Checking bincode v1.3.3
    Checking core-foundation v0.9.4
    Checking sync_wrapper v1.0.2
    Checking unicode-id v0.3.6
    Checking tower-layer v0.3.3
    Checking str_indices v0.4.4
    Checking ropey v2.0.0-beta.1
    Checking tower v0.5.3
    Checking markdown v1.0.0
    Checking lsp-types v0.97.0
    Checking gpui-pre-macos v0.3.3
    Checking gpui-pre-platform v0.3.3
    Checking system-configuration v0.6.1
    Checking syntect v5.3.0
    Checking smol v2.0.2
    Checking hyper-rustls v0.27.9
    Checking markup5ever_rcdom v0.3.0
    Checking rust-embed v8.12.0
   Compiling rust-i18n-macro v4.2.1
    Checking notify-types v1.0.1
    Checking rustls-platform-verifier v0.7.0
    Checking tokio-socks v0.5.3
    Checking webpki-roots v1.0.9
    Checking rustls-pemfile v2.2.0
    Checking http-body-util v0.1.5
    Checking filetime v0.2.29
    Checking fsevent-sys v4.1.0
    Checking ipnet v2.12.1
    Checking gpui-base v0.6.0 (/Users/josephwylie/Desktop/Projects/ferrite/.worktrees/ui-rendering-architecture/vendor/gpui-base)
    Checking gpui-pre-reqwest v0.12.15
    Checking enum-iterator v2.3.0
    Checking notify v7.0.0
    Checking gpui-pre-http-client-tls v0.3.3
    Checking gpui-kit-assets v0.6.0
   Compiling gpui-component-macros v0.6.0
    Checking itertools v0.13.0
    Checking gpui-pre-reqwest-client v0.3.3
    Checking ferrite-core v0.1.0 (/Users/josephwylie/Desktop/Projects/ferrite/.worktrees/ui-rendering-architecture/crates/ferrite-core)
    Checking gpui-component v0.6.0
    Checking gpui-kit v0.6.0
    Checking ferrite v0.1.0 (/Users/josephwylie/Desktop/Projects/ferrite/.worktrees/ui-rendering-architecture/crates/ferrite)
warning: associated function `ephemeral` is never used
   --> crates/ferrite/src/cockpit.rs:232:8
    |
230 | impl Preferences {
    | ---------------- associated function in this implementation
231 |     /// Defaults saved nowhere — the test constructor's and the demo's.
232 |     fn ephemeral() -> Self {
    |        ^^^^^^^^^
    |
    = note: `#[warn(dead_code)]` (part of `#[warn(unused)]`) on by default

warning: associated function `new_with_provider` is never used
   --> crates/ferrite/src/cockpit.rs:541:12
    |
535 | impl CockpitView {
    | ---------------- associated function in this implementation
...
541 |     pub fn new_with_provider(
    |            ^^^^^^^^^^^^^^^^^

warning: method `ordered_solos` is never used
   --> crates/ferrite/src/nav.rs:136:12
    |
121 | impl NavState {
    | ------------- method in this implementation
...
136 |     pub fn ordered_solos(&self) -> Vec<&ThreadRow> {
    |            ^^^^^^^^^^^^^

warning: function `model_label` is never used
    --> crates/ferrite/src/pane.rs:2199:8
     |
2199 | pub fn model_label(model: &str) -> SharedString {
     |        ^^^^^^^^^^^

warning: `ferrite` (bin "ferrite") generated 4 warnings
    Finished `dev` profile [unoptimized + debuginfo] target(s) in 1m 32s
warning: the following packages contain code that will be rejected by a future version of Rust: block v0.1.6
note: to see what the problems were, use the option `--future-incompat-report`, or run `cargo report future-incompatibilities --id 1`
