   Compiling ferrite v0.3.0 (/private/var/folders/5y/hnh41b2j29z8kqxy7ftzfdn80000gn/T/ferrite-ui-root-dlac9cd1/crates/ferrite)
warning: method `ordered_solos` is never used
   --> crates/ferrite/src/nav.rs:193:12
    |
177 | impl NavState {
    | ------------- method in this implementation
...
193 |     pub fn ordered_solos(&self) -> Vec<&ThreadRow> {
    |            ^^^^^^^^^^^^^
    |
    = note: `#[warn(dead_code)]` (part of `#[warn(unused)]`) on by default

warning: function `model_label` is never used
    --> crates/ferrite/src/pane.rs:2322:8
     |
2322 | pub fn model_label(model: &str) -> SharedString {
     |        ^^^^^^^^^^^

warning: `ferrite` (bin "ferrite") generated 2 warnings
    Finished `dev` profile [unoptimized + debuginfo] target(s) in 11.90s
warning: the following packages contain code that will be rejected by a future version of Rust: block v0.1.6
note: to see what the problems were, use the option `--future-incompat-report`, or run `cargo report future-incompatibilities --id 1`
     Running `/Users/josephwylie/Desktop/Projects/ferrite/target/debug/ferrite --visual-reference /tmp/ferrite-ui-root-fixtures`
