   Compiling ferrite v0.3.0 (/private/tmp/ferrite-ui-decisions-fpg0q4yc/crates/ferrite)
warning: method `ordered_solos` is never used
   --> crates/ferrite/src/nav.rs:193:12
    |
177 | impl NavState {
    | ------------- method in this implementation
...
193 |     pub fn ordered_solos(&self) -> Vec<&ThreadRow> {
    |            ^^^^^^^^^^^^^
    |
    = note: `#[warn(dead_code)]` (part of `#[warn(unused)]`) on by default

warning: function `model_label` is never used
    --> crates/ferrite/src/pane.rs:2322:8
     |
2322 | pub fn model_label(model: &str) -> SharedString {
     |        ^^^^^^^^^^^

warning: `ferrite` (bin "ferrite") generated 2 warnings
    Finished `dev` profile [unoptimized + debuginfo] target(s) in 4.63s
warning: the following packages contain code that will be rejected by a future version of Rust: block v0.1.6
note: to see what the problems were, use the option `--future-incompat-report`, or run `cargo report future-incompatibilities --id 1`
     Running `/Users/josephwylie/Desktop/Projects/ferrite/target/debug/ferrite --visual-reference /tmp/ferrite-ui-fixtures`
CAPTURE /tmp/ferrite-ui-fixtures/group-l1-1200x800.png
CAPTURE /tmp/ferrite-ui-fixtures/group-l2-860x500.png
CAPTURE /tmp/ferrite-ui-fixtures/question-group-1200x800.png
CAPTURE /tmp/ferrite-ui-fixtures/draft-1000x800.png
CAPTURE /tmp/ferrite-ui-fixtures/new-project-1000x800.png
CAPTURE /tmp/ferrite-ui-fixtures/subagents-1000x800.png
